[2025-12-06 18:24:55] [INFO] Game started
[2025-12-06 18:24:56] [INFO] Game engine initialized
[2025-12-06 18:24:56] [STATE] Game: None -> MenuState
[2025-12-06 18:24:58] [FACTORY] Created alien: RED at (250.0, 50.0)
[2025-12-06 18:24:58] [FACTORY] Created alien: RED at (310.0, 50.0)
[2025-12-06 18:24:58] [FACTORY] Created alien: RED at (370.0, 50.0)
[2025-12-06 18:24:58] [FACTORY] Created alien: RED at (430.0, 50.0)
[2025-12-06 18:24:58] [FACTORY] Created alien: RED at (490.0, 50.0)
[2025-12-06 18:24:58] [FACTORY] Created alien: GREEN at (250.0, 100.0)
[2025-12-06 18:24:58] [FACTORY] Created alien: GREEN at (310.0, 100.0)
[2025-12-06 18:24:58] [FACTORY] Created alien: GREEN at (370.0, 100.0)
[2025-12-06 18:24:58] [FACTORY] Created alien: GREEN at (430.0, 100.0)
[2025-12-06 18:24:58] [FACTORY] Created alien: GREEN at (490.0, 100.0)
[2025-12-06 18:24:58] [FACTORY] Created alien: RED at (250.0, 150.0)
[2025-12-06 18:24:58] [FACTORY] Created alien: RED at (310.0, 150.0)
[2025-12-06 18:24:58] [FACTORY] Created alien: RED at (370.0, 150.0)
[2025-12-06 18:24:58] [FACTORY] Created alien: RED at (430.0, 150.0)
[2025-12-06 18:24:58] [FACTORY] Created alien: RED at (490.0, 150.0)
[2025-12-06 18:24:58] Niveau 1 démarré avec 3 lignes.
[2025-12-06 18:24:58] [STATE] Game: MenuState -> PlayingState
[2025-12-06 18:25:11] SHIELD CHARGE EARNED! Total: 1
[2025-12-06 18:25:13] [DECORATOR] Bouclier activé !
[2025-12-06 18:25:13] SHIELD ACTIVATED! (10 Seconds)
[2025-12-06 18:25:23] SHIELD EXPIRED.
[2025-12-06 18:25:26] SHIELD CHARGE EARNED! Total: 1
[2025-12-06 18:25:26] [FACTORY] Created alien: RED at (220.0, 50.0)
[2025-12-06 18:25:26] [FACTORY] Created alien: RED at (280.0, 50.0)
[2025-12-06 18:25:26] [FACTORY] Created alien: RED at (340.0, 50.0)
[2025-12-06 18:25:26] [FACTORY] Created alien: RED at (400.0, 50.0)
[2025-12-06 18:25:26] [FACTORY] Created alien: RED at (460.0, 50.0)
[2025-12-06 18:25:26] [FACTORY] Created alien: RED at (520.0, 50.0)
[2025-12-06 18:25:26] [FACTORY] Created alien: GREEN at (220.0, 100.0)
[2025-12-06 18:25:26] [FACTORY] Created alien: GREEN at (280.0, 100.0)
[2025-12-06 18:25:26] [FACTORY] Created alien: GREEN at (340.0, 100.0)
[2025-12-06 18:25:26] [FACTORY] Created alien: GREEN at (400.0, 100.0)
[2025-12-06 18:25:26] [FACTORY] Created alien: GREEN at (460.0, 100.0)
[2025-12-06 18:25:26] [FACTORY] Created alien: GREEN at (520.0, 100.0)
[2025-12-06 18:25:26] [FACTORY] Created alien: RED at (220.0, 150.0)
[2025-12-06 18:25:26] [FACTORY] Created alien: RED at (280.0, 150.0)
[2025-12-06 18:25:26] [FACTORY] Created alien: RED at (340.0, 150.0)
[2025-12-06 18:25:26] [FACTORY] Created alien: RED at (400.0, 150.0)
[2025-12-06 18:25:26] [FACTORY] Created alien: RED at (460.0, 150.0)
[2025-12-06 18:25:26] [FACTORY] Created alien: RED at (520.0, 150.0)
[2025-12-06 18:25:26] [FACTORY] Created alien: GREEN at (220.0, 200.0)
[2025-12-06 18:25:26] [FACTORY] Created alien: GREEN at (280.0, 200.0)
[2025-12-06 18:25:26] [FACTORY] Created alien: GREEN at (340.0, 200.0)
[2025-12-06 18:25:26] [FACTORY] Created alien: GREEN at (400.0, 200.0)
[2025-12-06 18:25:26] [FACTORY] Created alien: GREEN at (460.0, 200.0)
[2025-12-06 18:25:26] [FACTORY] Created alien: GREEN at (520.0, 200.0)
[2025-12-06 18:25:26] Niveau 2 démarré avec 4 lignes.
[2025-12-06 18:25:29] [DECORATOR] Bouclier activé !
[2025-12-06 18:25:29] SHIELD ACTIVATED! (10 Seconds)
[2025-12-06 18:25:34] SHIELD CHARGE EARNED! Total: 1
[2025-12-06 18:25:39] SHIELD EXPIRED.
[2025-12-06 18:25:40] [DECORATOR] Bouclier activé !
[2025-12-06 18:25:40] SHIELD ACTIVATED! (10 Seconds)
[2025-12-06 18:25:44] SHIELD CHARGE EARNED! Total: 1
[2025-12-06 18:25:50] SHIELD EXPIRED.
[2025-12-06 18:25:52] [DECORATOR] Bouclier activé !
[2025-12-06 18:25:52] SHIELD ACTIVATED! (10 Seconds)
[2025-12-06 18:25:55] [FACTORY] Created alien: RED at (190.0, 50.0)
[2025-12-06 18:25:55] [FACTORY] Created alien: RED at (250.0, 50.0)
[2025-12-06 18:25:55] [FACTORY] Created alien: RED at (310.0, 50.0)
[2025-12-06 18:25:55] [FACTORY] Created alien: RED at (370.0, 50.0)
[2025-12-06 18:25:55] [FACTORY] Created alien: RED at (430.0, 50.0)
[2025-12-06 18:25:55] [FACTORY] Created alien: RED at (490.0, 50.0)
[2025-12-06 18:25:55] [FACTORY] Created alien: RED at (550.0, 50.0)
[2025-12-06 18:25:55] [FACTORY] Created alien: GREEN at (190.0, 100.0)
[2025-12-06 18:25:55] [FACTORY] Created alien: GREEN at (250.0, 100.0)
[2025-12-06 18:25:55] [FACTORY] Created alien: GREEN at (310.0, 100.0)
[2025-12-06 18:25:55] [FACTORY] Created alien: GREEN at (370.0, 100.0)
[2025-12-06 18:25:55] [FACTORY] Created alien: GREEN at (430.0, 100.0)
[2025-12-06 18:25:55] [FACTORY] Created alien: GREEN at (490.0, 100.0)
[2025-12-06 18:25:55] [FACTORY] Created alien: GREEN at (550.0, 100.0)
[2025-12-06 18:25:55] [FACTORY] Created alien: RED at (190.0, 150.0)
[2025-12-06 18:25:55] [FACTORY] Created alien: RED at (250.0, 150.0)
[2025-12-06 18:25:55] [FACTORY] Created alien: RED at (310.0, 150.0)
[2025-12-06 18:25:55] [FACTORY] Created alien: RED at (370.0, 150.0)
[2025-12-06 18:25:55] [FACTORY] Created alien: RED at (430.0, 150.0)
[2025-12-06 18:25:55] [FACTORY] Created alien: RED at (490.0, 150.0)
[2025-12-06 18:25:55] [FACTORY] Created alien: RED at (550.0, 150.0)
[2025-12-06 18:25:55] [FACTORY] Created alien: GREEN at (190.0, 200.0)
[2025-12-06 18:25:55] [FACTORY] Created alien: GREEN at (250.0, 200.0)
[2025-12-06 18:25:55] [FACTORY] Created alien: GREEN at (310.0, 200.0)
[2025-12-06 18:25:55] [FACTORY] Created alien: GREEN at (370.0, 200.0)
[2025-12-06 18:25:55] [FACTORY] Created alien: GREEN at (430.0, 200.0)
[2025-12-06 18:25:55] [FACTORY] Created alien: GREEN at (490.0, 200.0)
[2025-12-06 18:25:55] [FACTORY] Created alien: GREEN at (550.0, 200.0)
[2025-12-06 18:25:55] [FACTORY] Created alien: RED at (190.0, 250.0)
[2025-12-06 18:25:55] [FACTORY] Created alien: RED at (250.0, 250.0)
[2025-12-06 18:25:55] [FACTORY] Created alien: RED at (310.0, 250.0)
[2025-12-06 18:25:55] [FACTORY] Created alien: RED at (370.0, 250.0)
[2025-12-06 18:25:55] [FACTORY] Created alien: RED at (430.0, 250.0)
[2025-12-06 18:25:55] [FACTORY] Created alien: RED at (490.0, 250.0)
[2025-12-06 18:25:55] [FACTORY] Created alien: RED at (550.0, 250.0)
[2025-12-06 18:25:55] Niveau 3 démarré avec 5 lignes.
[2025-12-06 18:25:55] SHIELD CHARGE EARNED! Total: 1
[2025-12-06 18:25:59] SHIELD CHARGE EARNED! Total: 2
[2025-12-06 18:26:02] SHIELD EXPIRED.
[2025-12-06 18:26:02] SHIELD CHARGE EARNED! Total: 3
[2025-12-06 18:26:03] [DECORATOR] Bouclier activé !
[2025-12-06 18:26:03] SHIELD ACTIVATED! (10 Seconds)
[2025-12-06 18:26:10] SHIELD CHARGE EARNED! Total: 3
[2025-12-06 18:26:17] [FACTORY] Created alien: RED at (160.0, 50.0)
[2025-12-06 18:26:17] [FACTORY] Created alien: RED at (220.0, 50.0)
[2025-12-06 18:26:17] [FACTORY] Created alien: RED at (280.0, 50.0)
[2025-12-06 18:26:17] [FACTORY] Created alien: RED at (340.0, 50.0)
[2025-12-06 18:26:17] [FACTORY] Created alien: RED at (400.0, 50.0)
[2025-12-06 18:26:17] [FACTORY] Created alien: RED at (460.0, 50.0)
[2025-12-06 18:26:17] [FACTORY] Created alien: RED at (520.0, 50.0)
[2025-12-06 18:26:17] [FACTORY] Created alien: RED at (580.0, 50.0)
[2025-12-06 18:26:17] [FACTORY] Created alien: GREEN at (160.0, 100.0)
[2025-12-06 18:26:17] [FACTORY] Created alien: GREEN at (220.0, 100.0)
[2025-12-06 18:26:17] [FACTORY] Created alien: GREEN at (280.0, 100.0)
[2025-12-06 18:26:17] [FACTORY] Created alien: GREEN at (340.0, 100.0)
[2025-12-06 18:26:17] [FACTORY] Created alien: GREEN at (400.0, 100.0)
[2025-12-06 18:26:17] [FACTORY] Created alien: GREEN at (460.0, 100.0)
[2025-12-06 18:26:17] [FACTORY] Created alien: GREEN at (520.0, 100.0)
[2025-12-06 18:26:17] [FACTORY] Created alien: GREEN at (580.0, 100.0)
[2025-12-06 18:26:17] [FACTORY] Created alien: RED at (160.0, 150.0)
[2025-12-06 18:26:17] [FACTORY] Created alien: RED at (220.0, 150.0)
[2025-12-06 18:26:17] [FACTORY] Created alien: RED at (280.0, 150.0)
[2025-12-06 18:26:17] [FACTORY] Created alien: RED at (340.0, 150.0)
[2025-12-06 18:26:17] [FACTORY] Created alien: RED at (400.0, 150.0)
[2025-12-06 18:26:17] [FACTORY] Created alien: RED at (460.0, 150.0)
[2025-12-06 18:26:17] [FACTORY] Created alien: RED at (520.0, 150.0)
[2025-12-06 18:26:17] [FACTORY] Created alien: RED at (580.0, 150.0)
[2025-12-06 18:26:17] [FACTORY] Created alien: GREEN at (160.0, 200.0)
[2025-12-06 18:26:17] [FACTORY] Created alien: GREEN at (220.0, 200.0)
[2025-12-06 18:26:17] [FACTORY] Created alien: GREEN at (280.0, 200.0)
[2025-12-06 18:26:17] [FACTORY] Created alien: GREEN at (340.0, 200.0)
[2025-12-06 18:26:17] [FACTORY] Created alien: GREEN at (400.0, 200.0)
[2025-12-06 18:26:17] [FACTORY] Created alien: GREEN at (460.0, 200.0)
[2025-12-06 18:26:17] [FACTORY] Created alien: GREEN at (520.0, 200.0)
[2025-12-06 18:26:17] [FACTORY] Created alien: GREEN at (580.0, 200.0)
[2025-12-06 18:26:17] [FACTORY] Created alien: RED at (160.0, 250.0)
[2025-12-06 18:26:17] [FACTORY] Created alien: RED at (220.0, 250.0)
[2025-12-06 18:26:17] [FACTORY] Created alien: RED at (280.0, 250.0)
[2025-12-06 18:26:17] [FACTORY] Created alien: RED at (340.0, 250.0)
[2025-12-06 18:26:17] [FACTORY] Created alien: RED at (400.0, 250.0)
[2025-12-06 18:26:17] [FACTORY] Created alien: RED at (460.0, 250.0)
[2025-12-06 18:26:17] [FACTORY] Created alien: RED at (520.0, 250.0)
[2025-12-06 18:26:17] [FACTORY] Created alien: RED at (580.0, 250.0)
[2025-12-06 18:26:17] Niveau 4 démarré avec 5 lignes.
[2025-12-06 18:26:18] SHIELD CHARGE EARNED! Total: 3
[2025-12-06 18:26:21] SHIELD CHARGE EARNED! Total: 4
[2025-12-06 18:26:23] SHIELD EXPIRED.
[2025-12-06 18:26:25] SHIELD CHARGE EARNED! Total: 5
[2025-12-06 18:26:29] SHIELD CHARGE EARNED! Total: 6
[2025-12-06 18:26:30] [DECORATOR] Bouclier activé !
[2025-12-06 18:26:30] SHIELD ACTIVATED! (10 Seconds)
[2025-12-06 18:26:40] SHIELD EXPIRED.
[2025-12-06 18:26:41] [DECORATOR] Bouclier activé !
[2025-12-06 18:26:41] SHIELD ACTIVATED! (10 Seconds)
[2025-12-06 18:26:51] SHIELD EXPIRED.
[2025-12-06 18:26:51] [DECORATOR] Bouclier activé !
[2025-12-06 18:26:51] SHIELD ACTIVATED! (10 Seconds)
[2025-12-06 18:26:52] INVASION RÉUSSIE ! Game Over.
[2025-12-06 18:26:52] [STATE] Game: PlayingState -> GameOverState
[2025-12-06 18:26:56] Score reset.
[2025-12-06 18:26:56] [FACTORY] Created alien: RED at (250.0, 50.0)
[2025-12-06 18:26:56] [FACTORY] Created alien: RED at (310.0, 50.0)
[2025-12-06 18:26:56] [FACTORY] Created alien: RED at (370.0, 50.0)
[2025-12-06 18:26:56] [FACTORY] Created alien: RED at (430.0, 50.0)
[2025-12-06 18:26:56] [FACTORY] Created alien: RED at (490.0, 50.0)
[2025-12-06 18:26:56] [FACTORY] Created alien: GREEN at (250.0, 100.0)
[2025-12-06 18:26:56] [FACTORY] Created alien: GREEN at (310.0, 100.0)
[2025-12-06 18:26:56] [FACTORY] Created alien: GREEN at (370.0, 100.0)
[2025-12-06 18:26:56] [FACTORY] Created alien: GREEN at (430.0, 100.0)
[2025-12-06 18:26:56] [FACTORY] Created alien: GREEN at (490.0, 100.0)
[2025-12-06 18:26:56] [FACTORY] Created alien: RED at (250.0, 150.0)
[2025-12-06 18:26:56] [FACTORY] Created alien: RED at (310.0, 150.0)
[2025-12-06 18:26:56] [FACTORY] Created alien: RED at (370.0, 150.0)
[2025-12-06 18:26:56] [FACTORY] Created alien: RED at (430.0, 150.0)
[2025-12-06 18:26:56] [FACTORY] Created alien: RED at (490.0, 150.0)
[2025-12-06 18:26:56] Niveau 1 démarré avec 3 lignes.
[2025-12-06 18:26:56] [STATE] Game: GameOverState -> PlayingState
[2025-12-06 18:27:00] [STATE] Game: PlayingState -> PausedState
[2025-12-06 18:27:01] [STATE] Game: PausedState -> PlayingState
[2025-12-06 18:27:02] [STATE] Game: PlayingState -> PausedState
[2025-12-06 18:27:05] [STATE] Game: PausedState -> MenuState
[2025-12-06 18:27:05] [FACTORY] Created alien: RED at (250.0, 50.0)
[2025-12-06 18:27:05] [FACTORY] Created alien: RED at (310.0, 50.0)
[2025-12-06 18:27:05] [FACTORY] Created alien: RED at (370.0, 50.0)
[2025-12-06 18:27:05] [FACTORY] Created alien: RED at (430.0, 50.0)
[2025-12-06 18:27:05] [FACTORY] Created alien: RED at (490.0, 50.0)
[2025-12-06 18:27:05] [FACTORY] Created alien: GREEN at (250.0, 100.0)
[2025-12-06 18:27:05] [FACTORY] Created alien: GREEN at (310.0, 100.0)
[2025-12-06 18:27:05] [FACTORY] Created alien: GREEN at (370.0, 100.0)
[2025-12-06 18:27:05] [FACTORY] Created alien: GREEN at (430.0, 100.0)
[2025-12-06 18:27:05] [FACTORY] Created alien: GREEN at (490.0, 100.0)
[2025-12-06 18:27:05] [FACTORY] Created alien: RED at (250.0, 150.0)
[2025-12-06 18:27:05] [FACTORY] Created alien: RED at (310.0, 150.0)
[2025-12-06 18:27:05] [FACTORY] Created alien: RED at (370.0, 150.0)
[2025-12-06 18:27:05] [FACTORY] Created alien: RED at (430.0, 150.0)
[2025-12-06 18:27:05] [FACTORY] Created alien: RED at (490.0, 150.0)
[2025-12-06 18:27:05] Niveau 1 démarré avec 3 lignes.
[2025-12-06 18:27:05] [STATE] Game: MenuState -> PlayingState
[2025-12-06 18:27:09] SHIELD CHARGE EARNED! Total: 1
[2025-12-06 18:27:09] SHIELD CHARGE EARNED! Total: 1
[2025-12-06 18:27:23] [DECORATOR] Bouclier activé !
[2025-12-06 18:27:23] SHIELD ACTIVATED! (10 Seconds)
[2025-12-06 18:27:27] SHIELD CHARGE EARNED! Total: 2
[2025-12-06 18:27:27] SHIELD CHARGE EARNED! Total: 1
[2025-12-06 18:27:27] [FACTORY] Created alien: RED at (220.0, 50.0)
[2025-12-06 18:27:27] [FACTORY] Created alien: RED at (280.0, 50.0)
[2025-12-06 18:27:27] [FACTORY] Created alien: RED at (340.0, 50.0)
[2025-12-06 18:27:27] [FACTORY] Created alien: RED at (400.0, 50.0)
[2025-12-06 18:27:27] [FACTORY] Created alien: RED at (460.0, 50.0)
[2025-12-06 18:27:27] [FACTORY] Created alien: RED at (520.0, 50.0)
[2025-12-06 18:27:27] [FACTORY] Created alien: GREEN at (220.0, 100.0)
[2025-12-06 18:27:27] [FACTORY] Created alien: GREEN at (280.0, 100.0)
[2025-12-06 18:27:27] [FACTORY] Created alien: GREEN at (340.0, 100.0)
[2025-12-06 18:27:27] [FACTORY] Created alien: GREEN at (400.0, 100.0)
[2025-12-06 18:27:27] [FACTORY] Created alien: GREEN at (460.0, 100.0)
[2025-12-06 18:27:27] [FACTORY] Created alien: GREEN at (520.0, 100.0)
[2025-12-06 18:27:27] [FACTORY] Created alien: RED at (220.0, 150.0)
[2025-12-06 18:27:27] [FACTORY] Created alien: RED at (280.0, 150.0)
[2025-12-06 18:27:27] [FACTORY] Created alien: RED at (340.0, 150.0)
[2025-12-06 18:27:27] [FACTORY] Created alien: RED at (400.0, 150.0)
[2025-12-06 18:27:27] [FACTORY] Created alien: RED at (460.0, 150.0)
[2025-12-06 18:27:27] [FACTORY] Created alien: RED at (520.0, 150.0)
[2025-12-06 18:27:27] [FACTORY] Created alien: GREEN at (220.0, 200.0)
[2025-12-06 18:27:27] [FACTORY] Created alien: GREEN at (280.0, 200.0)
[2025-12-06 18:27:27] [FACTORY] Created alien: GREEN at (340.0, 200.0)
[2025-12-06 18:27:27] [FACTORY] Created alien: GREEN at (400.0, 200.0)
[2025-12-06 18:27:27] [FACTORY] Created alien: GREEN at (460.0, 200.0)
[2025-12-06 18:27:27] [FACTORY] Created alien: GREEN at (520.0, 200.0)
[2025-12-06 18:27:27] Niveau 2 démarré avec 4 lignes.
[2025-12-06 18:27:29] SHIELD CHARGE EARNED! Total: 3
[2025-12-06 18:27:29] SHIELD CHARGE EARNED! Total: 2
[2025-12-06 18:27:33] SHIELD EXPIRED.
[2025-12-06 18:27:35] SHIELD CHARGE EARNED! Total: 4
[2025-12-06 18:27:35] SHIELD CHARGE EARNED! Total: 3
[2025-12-06 18:27:44] [STATE] Game: PlayingState -> GameOverState
